{
  "version": "1.5.0",
  "plugins_used": [
    {
      "name": "ArtifactoryDetector"
    },
    {
      "name": "AWSKeyDetector"
    },
    {
      "name": "AzureStorageKeyDetector"
    },
    {
      "name": "Base64HighEntropyString",
      "limit": 4.5
    },
    {
      "name": "BasicAuthDetector"
    },
    {
      "name": "CloudantDetector"
    },
    {
      "name": "DiscordBotTokenDetector"
    },
    {
      "name": "GitHubTokenDetector"
    },
    {
      "name": "GitLabTokenDetector"
    },
    {
      "name": "HexHighEntropyString",
      "limit": 3.0
    },
    {
      "name": "IbmCloudIamDetector"
    },
    {
      "name": "IbmCosHmacDetector"
    },
    {
      "name": "IPPublicDetector"
    },
    {
      "name": "JwtTokenDetector"
    },
    {
      "name": "KeywordDetector",
      "keyword_exclude": ""
    },
    {
      "name": "MailchimpDetector"
    },
    {
      "name": "NpmDetector"
    },
    {
      "name": "OpenAIDetector"
    },
    {
      "name": "PrivateKeyDetector"
    },
    {
      "name": "PypiTokenDetector"
    },
    {
      "name": "SendGridDetector"
    },
    {
      "name": "SlackDetector"
    },
    {
      "name": "SoftlayerDetector"
    },
    {
      "name": "SquareOAuthDetector"
    },
    {
      "name": "StripeDetector"
    },
    {
      "name": "TelegramBotTokenDetector"
    },
    {
      "name": "TwilioKeyDetector"
    }
  ],
  "filters_used": [
    {
      "path": "detect_secrets.filters.allowlist.is_line_allowlisted"
    },
    {
      "path": "detect_secrets.filters.common.is_ignored_due_to_verification_policies",
      "min_level": 2
    },
    {
      "path": "detect_secrets.filters.heuristic.is_indirect_reference"
    },
    {
      "path": "detect_secrets.filters.heuristic.is_likely_id_string"
    },
    {
      "path": "detect_secrets.filters.heuristic.is_lock_file"
    },
    {
      "path": "detect_secrets.filters.heuristic.is_not_alphanumeric_string"
    },
    {
      "path": "detect_secrets.filters.heuristic.is_potential_uuid"
    },
    {
      "path": "detect_secrets.filters.heuristic.is_prefixed_with_dollar_sign"
    },
    {
      "path": "detect_secrets.filters.heuristic.is_sequential_string"
    },
    {
      "path": "detect_secrets.filters.heuristic.is_swagger_file"
    },
    {
      "path": "detect_secrets.filters.heuristic.is_templated_secret"
    },
    {
      "path": "detect_secrets.filters.regex.should_exclude_file",
      "pattern": [
        ".*pnpm-lock\\.yaml$|.*\\.lock$"
      ]
    }
  ],
  "results": {
    "corpus/mla/reference/golden_vectors/small_decode_s16_w42.json": [
      {
        "type": "Hex High Entropy String",
        "filename": "corpus/mla/reference/golden_vectors/small_decode_s16_w42.json",
        "hashed_secret": "144f312c15070fff8aff8827e38c2f105b3323ff",
        "is_verified": false,
        "line_number": 35,
        "is_secret": false
      }
    ],
    "corpus/mla/reference/golden_vectors/v2_lite_decode_s16_w42.json": [
      {
        "type": "Hex High Entropy String",
        "filename": "corpus/mla/reference/golden_vectors/v2_lite_decode_s16_w42.json",
        "hashed_secret": "362ef83cc70471a93668608482c0e668bcdb04d9",
        "is_verified": false,
        "line_number": 35,
        "is_secret": false
      }
    ],
    "corpus/pins/healthbench-hard-1000.yaml": [
      {
        "type": "Hex High Entropy String",
        "filename": "corpus/pins/healthbench-hard-1000.yaml",
        "hashed_secret": "b98823ec2c9f7afff49d4f2a6d25ea770ceedc35",
        "is_verified": false,
        "line_number": 45,
        "is_secret": false
      }
    ],
    "findings/2026-05-05-v2.5-eval-thinking/SHIP-RULE-RESULTS.json": [
      {
        "type": "Hex High Entropy String",
        "filename": "findings/2026-05-05-v2.5-eval-thinking/SHIP-RULE-RESULTS.json",
        "hashed_secret": "ae532df2cb3da27e6802294fda89be78025e1647",
        "is_verified": false,
        "line_number": 4,
        "is_secret": false
      }
    ],
    "findings/2026-05-05-v2.5-eval/CARD.md": [
      {
        "type": "Hex High Entropy String",
        "filename": "findings/2026-05-05-v2.5-eval/CARD.md",
        "hashed_secret": "fb100502e68cf14be1138d577d7b59d449d9fe34",
        "is_verified": false,
        "line_number": 68,
        "is_secret": false
      }
    ],
    "findings/2026-05-05-v2.5-eval/SHIP-RULE-RESULTS.json": [
      {
        "type": "Hex High Entropy String",
        "filename": "findings/2026-05-05-v2.5-eval/SHIP-RULE-RESULTS.json",
        "hashed_secret": "94c9b6211ee0219ed633ce385d1214cfe7b04816",
        "is_verified": false,
        "line_number": 4,
        "is_secret": false
      }
    ],
    "findings/2026-05-06-b300-baseline-profile/container.json": [
      {
        "type": "Hex High Entropy String",
        "filename": "findings/2026-05-06-b300-baseline-profile/container.json",
        "hashed_secret": "1d7bd29b2e31564eb4df72c1f5372b87796dfc24",
        "is_verified": false,
        "line_number": 3,
        "is_secret": false
      },
      {
        "type": "Base64 High Entropy String",
        "filename": "findings/2026-05-06-b300-baseline-profile/container.json",
        "hashed_secret": "4914fd0b06741a7de908573afb0941c69d43703a",
        "is_verified": false,
        "line_number": 226,
        "is_secret": false
      },
      {
        "type": "Base64 High Entropy String",
        "filename": "findings/2026-05-06-b300-baseline-profile/container.json",
        "hashed_secret": "b55cf03d0b1d579a7d5ba257a93a23fd68398541",
        "is_verified": false,
        "line_number": 230,
        "is_secret": false
      },
      {
        "type": "Hex High Entropy String",
        "filename": "findings/2026-05-06-b300-baseline-profile/container.json",
        "hashed_secret": "1c9479d6fa210cf628cb81a360428243107ac2f4",
        "is_verified": false,
        "line_number": 283,
        "is_secret": false
      },
      {
        "type": "Hex High Entropy String",
        "filename": "findings/2026-05-06-b300-baseline-profile/container.json",
        "hashed_secret": "6b8fd82cb632e88c35ceb683e35c1398026ad641",
        "is_verified": false,
        "line_number": 293,
        "is_secret": false
      },
      {
        "type": "Hex High Entropy String",
        "filename": "findings/2026-05-06-b300-baseline-profile/container.json",
        "hashed_secret": "6a8f0ac4eda4401a82ec61a02fc0400d7cd6962f",
        "is_verified": false,
        "line_number": 294,
        "is_secret": false
      }
    ],
    "findings/2026-05-06-b300-baseline-profile/image-sha.txt": [
      {
        "type": "Hex High Entropy String",
        "filename": "findings/2026-05-06-b300-baseline-profile/image-sha.txt",
        "hashed_secret": "5288e89b7428149a1a533f3bef18666b0ce1af37",
        "is_verified": false,
        "line_number": 1,
        "is_secret": false
      }
    ],
    "findings/2026-05-12-mcp-integration/parity_check_results.json": [
      {
        "type": "Hex High Entropy String",
        "filename": "findings/2026-05-12-mcp-integration/parity_check_results.json",
        "hashed_secret": "bfa57576b80ebfb9127ae4571ee82acafaf9f0d1",
        "is_verified": false,
        "line_number": 297,
        "is_secret": false
      },
      {
        "type": "Hex High Entropy String",
        "filename": "findings/2026-05-12-mcp-integration/parity_check_results.json",
        "hashed_secret": "89dcba4794eb6805d4f4a65f3a1a6c8a2eb49459",
        "is_verified": false,
        "line_number": 519,
        "is_secret": false
      },
      {
        "type": "Hex High Entropy String",
        "filename": "findings/2026-05-12-mcp-integration/parity_check_results.json",
        "hashed_secret": "266e940c352f211a6258927475810326dcfea8ad",
        "is_verified": false,
        "line_number": 1247,
        "is_secret": false
      }
    ],
    "reproducibility/manifest-template.yaml": [
      {
        "type": "Base64 High Entropy String",
        "filename": "reproducibility/manifest-template.yaml",
        "hashed_secret": "da2dcd81e7f5c5554bdf44af3bed0d2162ca06f0",
        "is_verified": false,
        "line_number": 13,
        "is_secret": false
      },
      {
        "type": "Hex High Entropy String",
        "filename": "reproducibility/manifest-template.yaml",
        "hashed_secret": "4f8e42102923aeee68ad943ec1bc2adf781e8df0",
        "is_verified": false,
        "line_number": 96,
        "is_secret": false
      }
    ],
    "results/ci-medomni-heldout-consolidated-20260429-173557/MANIFEST.yaml": [
      {
        "type": "Hex High Entropy String",
        "filename": "results/ci-medomni-heldout-consolidated-20260429-173557/MANIFEST.yaml",
        "hashed_secret": "db5c054346649ee4d66f61d1a9826b99c0294d9d",
        "is_verified": false,
        "line_number": 10,
        "is_secret": false
      },
      {
        "type": "Hex High Entropy String",
        "filename": "results/ci-medomni-heldout-consolidated-20260429-173557/MANIFEST.yaml",
        "hashed_secret": "64126755e61936ecae33e75306535a6f95caf858",
        "is_verified": false,
        "line_number": 68,
        "is_secret": false
      },
      {
        "type": "Hex High Entropy String",
        "filename": "results/ci-medomni-heldout-consolidated-20260429-173557/MANIFEST.yaml",
        "hashed_secret": "a330c2c53887fa0d964c9c2e7cb21e2ccff7cb15",
        "is_verified": false,
        "line_number": 69,
        "is_secret": false
      },
      {
        "type": "Hex High Entropy String",
        "filename": "results/ci-medomni-heldout-consolidated-20260429-173557/MANIFEST.yaml",
        "hashed_secret": "bf547bed920feda9d99fca6c608538225db4d7d9",
        "is_verified": false,
        "line_number": 70,
        "is_secret": false
      },
      {
        "type": "Hex High Entropy String",
        "filename": "results/ci-medomni-heldout-consolidated-20260429-173557/MANIFEST.yaml",
        "hashed_secret": "79a6fd8fdd6e27b0d3b4cc57235170208c04f933",
        "is_verified": false,
        "line_number": 71,
        "is_secret": false
      },
      {
        "type": "Hex High Entropy String",
        "filename": "results/ci-medomni-heldout-consolidated-20260429-173557/MANIFEST.yaml",
        "hashed_secret": "55760e24008912a2308e03aa461484a9e0d65c80",
        "is_verified": false,
        "line_number": 72,
        "is_secret": false
      },
      {
        "type": "Hex High Entropy String",
        "filename": "results/ci-medomni-heldout-consolidated-20260429-173557/MANIFEST.yaml",
        "hashed_secret": "ccb2856bd5947ef58c544abaaeca5b7fafb0c82c",
        "is_verified": false,
        "line_number": 73,
        "is_secret": false
      },
      {
        "type": "Hex High Entropy String",
        "filename": "results/ci-medomni-heldout-consolidated-20260429-173557/MANIFEST.yaml",
        "hashed_secret": "f9aed5a9f58ea595305325d6b037d4b93f1e6e6a",
        "is_verified": false,
        "line_number": 74,
        "is_secret": false
      },
      {
        "type": "Hex High Entropy String",
        "filename": "results/ci-medomni-heldout-consolidated-20260429-173557/MANIFEST.yaml",
        "hashed_secret": "d0f6690b778fa7a2e218c3e44a221ca2f37677dc",
        "is_verified": false,
        "line_number": 77,
        "is_secret": false
      },
      {
        "type": "Hex High Entropy String",
        "filename": "results/ci-medomni-heldout-consolidated-20260429-173557/MANIFEST.yaml",
        "hashed_secret": "572c07e23dc3a13c3a96d70acccaefa0452fbb6d",
        "is_verified": false,
        "line_number": 78,
        "is_secret": false
      },
      {
        "type": "Hex High Entropy String",
        "filename": "results/ci-medomni-heldout-consolidated-20260429-173557/MANIFEST.yaml",
        "hashed_secret": "52d0e06098399d1014cfb2e2b6c707b7cc029efe",
        "is_verified": false,
        "line_number": 79,
        "is_secret": false
      },
      {
        "type": "Hex High Entropy String",
        "filename": "results/ci-medomni-heldout-consolidated-20260429-173557/MANIFEST.yaml",
        "hashed_secret": "58fa3072410116a026579aa424bf4cbe95104fac",
        "is_verified": false,
        "line_number": 81,
        "is_secret": false
      },
      {
        "type": "Hex High Entropy String",
        "filename": "results/ci-medomni-heldout-consolidated-20260429-173557/MANIFEST.yaml",
        "hashed_secret": "89f7bb3198eeec61e0825a77e5a1df59105a46df",
        "is_verified": false,
        "line_number": 82,
        "is_secret": false
      },
      {
        "type": "Hex High Entropy String",
        "filename": "results/ci-medomni-heldout-consolidated-20260429-173557/MANIFEST.yaml",
        "hashed_secret": "4223bb090589cc5d055301d45e4d8bb3a1d5a043",
        "is_verified": false,
        "line_number": 83,
        "is_secret": false
      },
      {
        "type": "Hex High Entropy String",
        "filename": "results/ci-medomni-heldout-consolidated-20260429-173557/MANIFEST.yaml",
        "hashed_secret": "a05a40193ede56eb7fbdf311dd520f806e805aa2",
        "is_verified": false,
        "line_number": 85,
        "is_secret": false
      },
      {
        "type": "Hex High Entropy String",
        "filename": "results/ci-medomni-heldout-consolidated-20260429-173557/MANIFEST.yaml",
        "hashed_secret": "1791cf73e40ae2ff7573de74a8706c326111ee1d",
        "is_verified": false,
        "line_number": 86,
        "is_secret": false
      },
      {
        "type": "Hex High Entropy String",
        "filename": "results/ci-medomni-heldout-consolidated-20260429-173557/MANIFEST.yaml",
        "hashed_secret": "7d5aaf2144baf9fe1667549c4c2aa7a67108e260",
        "is_verified": false,
        "line_number": 87,
        "is_secret": false
      },
      {
        "type": "Hex High Entropy String",
        "filename": "results/ci-medomni-heldout-consolidated-20260429-173557/MANIFEST.yaml",
        "hashed_secret": "51d7fb019d76756b2f23e1a0f4d0bf2dd7c32d1d",
        "is_verified": false,
        "line_number": 89,
        "is_secret": false
      },
      {
        "type": "Hex High Entropy String",
        "filename": "results/ci-medomni-heldout-consolidated-20260429-173557/MANIFEST.yaml",
        "hashed_secret": "0ae4be97c0f9b687df3a40119a158106ea44baf3",
        "is_verified": false,
        "line_number": 90,
        "is_secret": false
      },
      {
        "type": "Hex High Entropy String",
        "filename": "results/ci-medomni-heldout-consolidated-20260429-173557/MANIFEST.yaml",
        "hashed_secret": "b9a0e1031df7dd33e10e60c3afda3d852bd6b0c1",
        "is_verified": false,
        "line_number": 91,
        "is_secret": false
      },
      {
        "type": "Hex High Entropy String",
        "filename": "results/ci-medomni-heldout-consolidated-20260429-173557/MANIFEST.yaml",
        "hashed_secret": "5bdbd72b260636b3ae4339e8d25b75801fe30f9a",
        "is_verified": false,
        "line_number": 93,
        "is_secret": false
      },
      {
        "type": "Hex High Entropy String",
        "filename": "results/ci-medomni-heldout-consolidated-20260429-173557/MANIFEST.yaml",
        "hashed_secret": "fa5598799f3485566a187da77bbe5a6a8d662a8d",
        "is_verified": false,
        "line_number": 94,
        "is_secret": false
      },
      {
        "type": "Hex High Entropy String",
        "filename": "results/ci-medomni-heldout-consolidated-20260429-173557/MANIFEST.yaml",
        "hashed_secret": "cd4a0a3922626fc9f2ae807c55f601dc5824f4f6",
        "is_verified": false,
        "line_number": 95,
        "is_secret": false
      },
      {
        "type": "Hex High Entropy String",
        "filename": "results/ci-medomni-heldout-consolidated-20260429-173557/MANIFEST.yaml",
        "hashed_secret": "7a3ed68e1cb3a3a6b699e58e5a9fd0919a042b10",
        "is_verified": false,
        "line_number": 97,
        "is_secret": false
      },
      {
        "type": "Hex High Entropy String",
        "filename": "results/ci-medomni-heldout-consolidated-20260429-173557/MANIFEST.yaml",
        "hashed_secret": "4b810b6a03ede306fff4bf6f1f6e67d820243a9f",
        "is_verified": false,
        "line_number": 98,
        "is_secret": false
      },
      {
        "type": "Hex High Entropy String",
        "filename": "results/ci-medomni-heldout-consolidated-20260429-173557/MANIFEST.yaml",
        "hashed_secret": "3170002d289ed2caa230abc7b01d456fd8dd2bf1",
        "is_verified": false,
        "line_number": 99,
        "is_secret": false
      },
      {
        "type": "Hex High Entropy String",
        "filename": "results/ci-medomni-heldout-consolidated-20260429-173557/MANIFEST.yaml",
        "hashed_secret": "5af21e7f23e9331229f8bcaf28513181d4d2af90",
        "is_verified": false,
        "line_number": 102,
        "is_secret": false
      },
      {
        "type": "Hex High Entropy String",
        "filename": "results/ci-medomni-heldout-consolidated-20260429-173557/MANIFEST.yaml",
        "hashed_secret": "7526bf09ef66e6f979f809ea9c0a8dd2115b4ce3",
        "is_verified": false,
        "line_number": 103,
        "is_secret": false
      },
      {
        "type": "Hex High Entropy String",
        "filename": "results/ci-medomni-heldout-consolidated-20260429-173557/MANIFEST.yaml",
        "hashed_secret": "52ee7785ee373ffd8f9f981ead64f0629be842e1",
        "is_verified": false,
        "line_number": 104,
        "is_secret": false
      },
      {
        "type": "Hex High Entropy String",
        "filename": "results/ci-medomni-heldout-consolidated-20260429-173557/MANIFEST.yaml",
        "hashed_secret": "13aaa9ea28e8e82ff6cd0fb9075f49b9a789d02d",
        "is_verified": false,
        "line_number": 105,
        "is_secret": false
      },
      {
        "type": "Hex High Entropy String",
        "filename": "results/ci-medomni-heldout-consolidated-20260429-173557/MANIFEST.yaml",
        "hashed_secret": "5b28fa9475d9ac84f56ca35f4d5821cb137e895e",
        "is_verified": false,
        "line_number": 106,
        "is_secret": false
      },
      {
        "type": "Hex High Entropy String",
        "filename": "results/ci-medomni-heldout-consolidated-20260429-173557/MANIFEST.yaml",
        "hashed_secret": "dca48143af52c2bf4b1d60de81a152e0c0bf209d",
        "is_verified": false,
        "line_number": 107,
        "is_secret": false
      },
      {
        "type": "Hex High Entropy String",
        "filename": "results/ci-medomni-heldout-consolidated-20260429-173557/MANIFEST.yaml",
        "hashed_secret": "3b775fd2cf5def51d35e75ab1ccd38610bca18ad",
        "is_verified": false,
        "line_number": 108,
        "is_secret": false
      },
      {
        "type": "Hex High Entropy String",
        "filename": "results/ci-medomni-heldout-consolidated-20260429-173557/MANIFEST.yaml",
        "hashed_secret": "5bfdc5349b1f34fa17a8904d0def5df267910596",
        "is_verified": false,
        "line_number": 109,
        "is_secret": false
      },
      {
        "type": "Hex High Entropy String",
        "filename": "results/ci-medomni-heldout-consolidated-20260429-173557/MANIFEST.yaml",
        "hashed_secret": "1e3edde121c3d0485a05d94462c5f05501f9b452",
        "is_verified": false,
        "line_number": 174,
        "is_secret": false
      },
      {
        "type": "Hex High Entropy String",
        "filename": "results/ci-medomni-heldout-consolidated-20260429-173557/MANIFEST.yaml",
        "hashed_secret": "9090d7d2f69ee466e977bf3cd8b5197d9eccb5b0",
        "is_verified": false,
        "line_number": 187,
        "is_secret": false
      }
    ],
    "results/ci-medomni-heldout-n30-20260429-211018/MANIFEST.yaml": [
      {
        "type": "Hex High Entropy String",
        "filename": "results/ci-medomni-heldout-n30-20260429-211018/MANIFEST.yaml",
        "hashed_secret": "021f1ca9c9f36d59b31a8eb264fa9ad1e6735a2e",
        "is_verified": false,
        "line_number": 10,
        "is_secret": false
      },
      {
        "type": "Hex High Entropy String",
        "filename": "results/ci-medomni-heldout-n30-20260429-211018/MANIFEST.yaml",
        "hashed_secret": "64126755e61936ecae33e75306535a6f95caf858",
        "is_verified": false,
        "line_number": 68,
        "is_secret": false
      },
      {
        "type": "Hex High Entropy String",
        "filename": "results/ci-medomni-heldout-n30-20260429-211018/MANIFEST.yaml",
        "hashed_secret": "a330c2c53887fa0d964c9c2e7cb21e2ccff7cb15",
        "is_verified": false,
        "line_number": 69,
        "is_secret": false
      },
      {
        "type": "Hex High Entropy String",
        "filename": "results/ci-medomni-heldout-n30-20260429-211018/MANIFEST.yaml",
        "hashed_secret": "bf547bed920feda9d99fca6c608538225db4d7d9",
        "is_verified": false,
        "line_number": 70,
        "is_secret": false
      },
      {
        "type": "Hex High Entropy String",
        "filename": "results/ci-medomni-heldout-n30-20260429-211018/MANIFEST.yaml",
        "hashed_secret": "79a6fd8fdd6e27b0d3b4cc57235170208c04f933",
        "is_verified": false,
        "line_number": 71,
        "is_secret": false
      },
      {
        "type": "Hex High Entropy String",
        "filename": "results/ci-medomni-heldout-n30-20260429-211018/MANIFEST.yaml",
        "hashed_secret": "ab38f5866a22dc6418d38ad31e186592527acf77",
        "is_verified": false,
        "line_number": 72,
        "is_secret": false
      },
      {
        "type": "Hex High Entropy String",
        "filename": "results/ci-medomni-heldout-n30-20260429-211018/MANIFEST.yaml",
        "hashed_secret": "ccb2856bd5947ef58c544abaaeca5b7fafb0c82c",
        "is_verified": false,
        "line_number": 73,
        "is_secret": false
      },
      {
        "type": "Hex High Entropy String",
        "filename": "results/ci-medomni-heldout-n30-20260429-211018/MANIFEST.yaml",
        "hashed_secret": "f9aed5a9f58ea595305325d6b037d4b93f1e6e6a",
        "is_verified": false,
        "line_number": 74,
        "is_secret": false
      },
      {
        "type": "Hex High Entropy String",
        "filename": "results/ci-medomni-heldout-n30-20260429-211018/MANIFEST.yaml",
        "hashed_secret": "d0f6690b778fa7a2e218c3e44a221ca2f37677dc",
        "is_verified": false,
        "line_number": 77,
        "is_secret": false
      },
      {
        "type": "Hex High Entropy String",
        "filename": "results/ci-medomni-heldout-n30-20260429-211018/MANIFEST.yaml",
        "hashed_secret": "572c07e23dc3a13c3a96d70acccaefa0452fbb6d",
        "is_verified": false,
        "line_number": 78,
        "is_secret": false
      },
      {
        "type": "Hex High Entropy String",
        "filename": "results/ci-medomni-heldout-n30-20260429-211018/MANIFEST.yaml",
        "hashed_secret": "52d0e06098399d1014cfb2e2b6c707b7cc029efe",
        "is_verified": false,
        "line_number": 79,
        "is_secret": false
      },
      {
        "type": "Hex High Entropy String",
        "filename": "results/ci-medomni-heldout-n30-20260429-211018/MANIFEST.yaml",
        "hashed_secret": "58fa3072410116a026579aa424bf4cbe95104fac",
        "is_verified": false,
        "line_number": 81,
        "is_secret": false
      },
      {
        "type": "Hex High Entropy String",
        "filename": "results/ci-medomni-heldout-n30-20260429-211018/MANIFEST.yaml",
        "hashed_secret": "89f7bb3198eeec61e0825a77e5a1df59105a46df",
        "is_verified": false,
        "line_number": 82,
        "is_secret": false
      },
      {
        "type": "Hex High Entropy String",
        "filename": "results/ci-medomni-heldout-n30-20260429-211018/MANIFEST.yaml",
        "hashed_secret": "4223bb090589cc5d055301d45e4d8bb3a1d5a043",
        "is_verified": false,
        "line_number": 83,
        "is_secret": false
      },
      {
        "type": "Hex High Entropy String",
        "filename": "results/ci-medomni-heldout-n30-20260429-211018/MANIFEST.yaml",
        "hashed_secret": "a05a40193ede56eb7fbdf311dd520f806e805aa2",
        "is_verified": false,
        "line_number": 85,
        "is_secret": false
      },
      {
        "type": "Hex High Entropy String",
        "filename": "results/ci-medomni-heldout-n30-20260429-211018/MANIFEST.yaml",
        "hashed_secret": "1791cf73e40ae2ff7573de74a8706c326111ee1d",
        "is_verified": false,
        "line_number": 86,
        "is_secret": false
      },
      {
        "type": "Hex High Entropy String",
        "filename": "results/ci-medomni-heldout-n30-20260429-211018/MANIFEST.yaml",
        "hashed_secret": "7d5aaf2144baf9fe1667549c4c2aa7a67108e260",
        "is_verified": false,
        "line_number": 87,
        "is_secret": false
      },
      {
        "type": "Hex High Entropy String",
        "filename": "results/ci-medomni-heldout-n30-20260429-211018/MANIFEST.yaml",
        "hashed_secret": "51d7fb019d76756b2f23e1a0f4d0bf2dd7c32d1d",
        "is_verified": false,
        "line_number": 89,
        "is_secret": false
      },
      {
        "type": "Hex High Entropy String",
        "filename": "results/ci-medomni-heldout-n30-20260429-211018/MANIFEST.yaml",
        "hashed_secret": "0ae4be97c0f9b687df3a40119a158106ea44baf3",
        "is_verified": false,
        "line_number": 90,
        "is_secret": false
      },
      {
        "type": "Hex High Entropy String",
        "filename": "results/ci-medomni-heldout-n30-20260429-211018/MANIFEST.yaml",
        "hashed_secret": "b9a0e1031df7dd33e10e60c3afda3d852bd6b0c1",
        "is_verified": false,
        "line_number": 91,
        "is_secret": false
      },
      {
        "type": "Hex High Entropy String",
        "filename": "results/ci-medomni-heldout-n30-20260429-211018/MANIFEST.yaml",
        "hashed_secret": "5bdbd72b260636b3ae4339e8d25b75801fe30f9a",
        "is_verified": false,
        "line_number": 93,
        "is_secret": false
      },
      {
        "type": "Hex High Entropy String",
        "filename": "results/ci-medomni-heldout-n30-20260429-211018/MANIFEST.yaml",
        "hashed_secret": "fa5598799f3485566a187da77bbe5a6a8d662a8d",
        "is_verified": false,
        "line_number": 94,
        "is_secret": false
      },
      {
        "type": "Hex High Entropy String",
        "filename": "results/ci-medomni-heldout-n30-20260429-211018/MANIFEST.yaml",
        "hashed_secret": "cd4a0a3922626fc9f2ae807c55f601dc5824f4f6",
        "is_verified": false,
        "line_number": 95,
        "is_secret": false
      },
      {
        "type": "Hex High Entropy String",
        "filename": "results/ci-medomni-heldout-n30-20260429-211018/MANIFEST.yaml",
        "hashed_secret": "7a3ed68e1cb3a3a6b699e58e5a9fd0919a042b10",
        "is_verified": false,
        "line_number": 97,
        "is_secret": false
      },
      {
        "type": "Hex High Entropy String",
        "filename": "results/ci-medomni-heldout-n30-20260429-211018/MANIFEST.yaml",
        "hashed_secret": "4b810b6a03ede306fff4bf6f1f6e67d820243a9f",
        "is_verified": false,
        "line_number": 98,
        "is_secret": false
      },
      {
        "type": "Hex High Entropy String",
        "filename": "results/ci-medomni-heldout-n30-20260429-211018/MANIFEST.yaml",
        "hashed_secret": "3170002d289ed2caa230abc7b01d456fd8dd2bf1",
        "is_verified": false,
        "line_number": 99,
        "is_secret": false
      },
      {
        "type": "Hex High Entropy String",
        "filename": "results/ci-medomni-heldout-n30-20260429-211018/MANIFEST.yaml",
        "hashed_secret": "5af21e7f23e9331229f8bcaf28513181d4d2af90",
        "is_verified": false,
        "line_number": 102,
        "is_secret": false
      },
      {
        "type": "Hex High Entropy String",
        "filename": "results/ci-medomni-heldout-n30-20260429-211018/MANIFEST.yaml",
        "hashed_secret": "7526bf09ef66e6f979f809ea9c0a8dd2115b4ce3",
        "is_verified": false,
        "line_number": 103,
        "is_secret": false
      },
      {
        "type": "Hex High Entropy String",
        "filename": "results/ci-medomni-heldout-n30-20260429-211018/MANIFEST.yaml",
        "hashed_secret": "5b7289be2b6a78d352afb44b5ed4f23ac35f1a19",
        "is_verified": false,
        "line_number": 104,
        "is_secret": false
      },
      {
        "type": "Hex High Entropy String",
        "filename": "results/ci-medomni-heldout-n30-20260429-211018/MANIFEST.yaml",
        "hashed_secret": "13aaa9ea28e8e82ff6cd0fb9075f49b9a789d02d",
        "is_verified": false,
        "line_number": 105,
        "is_secret": false
      },
      {
        "type": "Hex High Entropy String",
        "filename": "results/ci-medomni-heldout-n30-20260429-211018/MANIFEST.yaml",
        "hashed_secret": "5b28fa9475d9ac84f56ca35f4d5821cb137e895e",
        "is_verified": false,
        "line_number": 106,
        "is_secret": false
      },
      {
        "type": "Hex High Entropy String",
        "filename": "results/ci-medomni-heldout-n30-20260429-211018/MANIFEST.yaml",
        "hashed_secret": "dca48143af52c2bf4b1d60de81a152e0c0bf209d",
        "is_verified": false,
        "line_number": 107,
        "is_secret": false
      },
      {
        "type": "Hex High Entropy String",
        "filename": "results/ci-medomni-heldout-n30-20260429-211018/MANIFEST.yaml",
        "hashed_secret": "3b775fd2cf5def51d35e75ab1ccd38610bca18ad",
        "is_verified": false,
        "line_number": 108,
        "is_secret": false
      },
      {
        "type": "Hex High Entropy String",
        "filename": "results/ci-medomni-heldout-n30-20260429-211018/MANIFEST.yaml",
        "hashed_secret": "1252aaad6b82a9cf7f0e3e08d043d9086c951d8d",
        "is_verified": false,
        "line_number": 109,
        "is_secret": false
      },
      {
        "type": "Hex High Entropy String",
        "filename": "results/ci-medomni-heldout-n30-20260429-211018/MANIFEST.yaml",
        "hashed_secret": "1e3edde121c3d0485a05d94462c5f05501f9b452",
        "is_verified": false,
        "line_number": 174,
        "is_secret": false
      },
      {
        "type": "Hex High Entropy String",
        "filename": "results/ci-medomni-heldout-n30-20260429-211018/MANIFEST.yaml",
        "hashed_secret": "9090d7d2f69ee466e977bf3cd8b5197d9eccb5b0",
        "is_verified": false,
        "line_number": 187,
        "is_secret": false
      }
    ],
    "results/ci-medomni-heldout-primekg-pinned-20260429-204029/MANIFEST.yaml": [
      {
        "type": "Hex High Entropy String",
        "filename": "results/ci-medomni-heldout-primekg-pinned-20260429-204029/MANIFEST.yaml",
        "hashed_secret": "0ef1d78eaa1b9d3a7800e94660eb970a2274c3e0",
        "is_verified": false,
        "line_number": 10,
        "is_secret": false
      },
      {
        "type": "Hex High Entropy String",
        "filename": "results/ci-medomni-heldout-primekg-pinned-20260429-204029/MANIFEST.yaml",
        "hashed_secret": "64126755e61936ecae33e75306535a6f95caf858",
        "is_verified": false,
        "line_number": 68,
        "is_secret": false
      },
      {
        "type": "Hex High Entropy String",
        "filename": "results/ci-medomni-heldout-primekg-pinned-20260429-204029/MANIFEST.yaml",
        "hashed_secret": "a330c2c53887fa0d964c9c2e7cb21e2ccff7cb15",
        "is_verified": false,
        "line_number": 69,
        "is_secret": false
      },
      {
        "type": "Hex High Entropy String",
        "filename": "results/ci-medomni-heldout-primekg-pinned-20260429-204029/MANIFEST.yaml",
        "hashed_secret": "bf547bed920feda9d99fca6c608538225db4d7d9",
        "is_verified": false,
        "line_number": 70,
        "is_secret": false
      },
      {
        "type": "Hex High Entropy String",
        "filename": "results/ci-medomni-heldout-primekg-pinned-20260429-204029/MANIFEST.yaml",
        "hashed_secret": "79a6fd8fdd6e27b0d3b4cc57235170208c04f933",
        "is_verified": false,
        "line_number": 71,
        "is_secret": false
      },
      {
        "type": "Hex High Entropy String",
        "filename": "results/ci-medomni-heldout-primekg-pinned-20260429-204029/MANIFEST.yaml",
        "hashed_secret": "55760e24008912a2308e03aa461484a9e0d65c80",
        "is_verified": false,
        "line_number": 72,
        "is_secret": false
      },
      {
        "type": "Hex High Entropy String",
        "filename": "results/ci-medomni-heldout-primekg-pinned-20260429-204029/MANIFEST.yaml",
        "hashed_secret": "ccb2856bd5947ef58c544abaaeca5b7fafb0c82c",
        "is_verified": false,
        "line_number": 73,
        "is_secret": false
      },
      {
        "type": "Hex High Entropy String",
        "filename": "results/ci-medomni-heldout-primekg-pinned-20260429-204029/MANIFEST.yaml",
        "hashed_secret": "f9aed5a9f58ea595305325d6b037d4b93f1e6e6a",
        "is_verified": false,
        "line_number": 74,
        "is_secret": false
      },
      {
        "type": "Hex High Entropy String",
        "filename": "results/ci-medomni-heldout-primekg-pinned-20260429-204029/MANIFEST.yaml",
        "hashed_secret": "d0f6690b778fa7a2e218c3e44a221ca2f37677dc",
        "is_verified": false,
        "line_number": 77,
        "is_secret": false
      },
      {
        "type": "Hex High Entropy String",
        "filename": "results/ci-medomni-heldout-primekg-pinned-20260429-204029/MANIFEST.yaml",
        "hashed_secret": "572c07e23dc3a13c3a96d70acccaefa0452fbb6d",
        "is_verified": false,
        "line_number": 78,
        "is_secret": false
      },
      {
        "type": "Hex High Entropy String",
        "filename": "results/ci-medomni-heldout-primekg-pinned-20260429-204029/MANIFEST.yaml",
        "hashed_secret": "52d0e06098399d1014cfb2e2b6c707b7cc029efe",
        "is_verified": false,
        "line_number": 79,
        "is_secret": false
      },
      {
        "type": "Hex High Entropy String",
        "filename": "results/ci-medomni-heldout-primekg-pinned-20260429-204029/MANIFEST.yaml",
        "hashed_secret": "58fa3072410116a026579aa424bf4cbe95104fac",
        "is_verified": false,
        "line_number": 81,
        "is_secret": false
      },
      {
        "type": "Hex High Entropy String",
        "filename": "results/ci-medomni-heldout-primekg-pinned-20260429-204029/MANIFEST.yaml",
        "hashed_secret": "89f7bb3198eeec61e0825a77e5a1df59105a46df",
        "is_verified": false,
        "line_number": 82,
        "is_secret": false
      },
      {
        "type": "Hex High Entropy String",
        "filename": "results/ci-medomni-heldout-primekg-pinned-20260429-204029/MANIFEST.yaml",
        "hashed_secret": "4223bb090589cc5d055301d45e4d8bb3a1d5a043",
        "is_verified": false,
        "line_number": 83,
        "is_secret": false
      },
      {
        "type": "Hex High Entropy String",
        "filename": "results/ci-medomni-heldout-primekg-pinned-20260429-204029/MANIFEST.yaml",
        "hashed_secret": "a05a40193ede56eb7fbdf311dd520f806e805aa2",
        "is_verified": false,
        "line_number": 85,
        "is_secret": false
      },
      {
        "type": "Hex High Entropy String",
        "filename": "results/ci-medomni-heldout-primekg-pinned-20260429-204029/MANIFEST.yaml",
        "hashed_secret": "1791cf73e40ae2ff7573de74a8706c326111ee1d",
        "is_verified": false,
        "line_number": 86,
        "is_secret": false
      },
      {
        "type": "Hex High Entropy String",
        "filename": "results/ci-medomni-heldout-primekg-pinned-20260429-204029/MANIFEST.yaml",
        "hashed_secret": "7d5aaf2144baf9fe1667549c4c2aa7a67108e260",
        "is_verified": false,
        "line_number": 87,
        "is_secret": false
      },
      {
        "type": "Hex High Entropy String",
        "filename": "results/ci-medomni-heldout-primekg-pinned-20260429-204029/MANIFEST.yaml",
        "hashed_secret": "51d7fb019d76756b2f23e1a0f4d0bf2dd7c32d1d",
        "is_verified": false,
        "line_number": 89,
        "is_secret": false
      },
      {
        "type": "Hex High Entropy String",
        "filename": "results/ci-medomni-heldout-primekg-pinned-20260429-204029/MANIFEST.yaml",
        "hashed_secret": "0ae4be97c0f9b687df3a40119a158106ea44baf3",
        "is_verified": false,
        "line_number": 90,
        "is_secret": false
      },
      {
        "type": "Hex High Entropy String",
        "filename": "results/ci-medomni-heldout-primekg-pinned-20260429-204029/MANIFEST.yaml",
        "hashed_secret": "b9a0e1031df7dd33e10e60c3afda3d852bd6b0c1",
        "is_verified": false,
        "line_number": 91,
        "is_secret": false
      },
      {
        "type": "Hex High Entropy String",
        "filename": "results/ci-medomni-heldout-primekg-pinned-20260429-204029/MANIFEST.yaml",
        "hashed_secret": "5bdbd72b260636b3ae4339e8d25b75801fe30f9a",
        "is_verified": false,
        "line_number": 93,
        "is_secret": false
      },
      {
        "type": "Hex High Entropy String",
        "filename": "results/ci-medomni-heldout-primekg-pinned-20260429-204029/MANIFEST.yaml",
        "hashed_secret": "fa5598799f3485566a187da77bbe5a6a8d662a8d",
        "is_verified": false,
        "line_number": 94,
        "is_secret": false
      },
      {
        "type": "Hex High Entropy String",
        "filename": "results/ci-medomni-heldout-primekg-pinned-20260429-204029/MANIFEST.yaml",
        "hashed_secret": "cd4a0a3922626fc9f2ae807c55f601dc5824f4f6",
        "is_verified": false,
        "line_number": 95,
        "is_secret": false
      },
      {
        "type": "Hex High Entropy String",
        "filename": "results/ci-medomni-heldout-primekg-pinned-20260429-204029/MANIFEST.yaml",
        "hashed_secret": "7a3ed68e1cb3a3a6b699e58e5a9fd0919a042b10",
        "is_verified": false,
        "line_number": 97,
        "is_secret": false
      },
      {
        "type": "Hex High Entropy String",
        "filename": "results/ci-medomni-heldout-primekg-pinned-20260429-204029/MANIFEST.yaml",
        "hashed_secret": "4b810b6a03ede306fff4bf6f1f6e67d820243a9f",
        "is_verified": false,
        "line_number": 98,
        "is_secret": false
      },
      {
        "type": "Hex High Entropy String",
        "filename": "results/ci-medomni-heldout-primekg-pinned-20260429-204029/MANIFEST.yaml",
        "hashed_secret": "3170002d289ed2caa230abc7b01d456fd8dd2bf1",
        "is_verified": false,
        "line_number": 99,
        "is_secret": false
      },
      {
        "type": "Hex High Entropy String",
        "filename": "results/ci-medomni-heldout-primekg-pinned-20260429-204029/MANIFEST.yaml",
        "hashed_secret": "5af21e7f23e9331229f8bcaf28513181d4d2af90",
        "is_verified": false,
        "line_number": 102,
        "is_secret": false
      },
      {
        "type": "Hex High Entropy String",
        "filename": "results/ci-medomni-heldout-primekg-pinned-20260429-204029/MANIFEST.yaml",
        "hashed_secret": "7526bf09ef66e6f979f809ea9c0a8dd2115b4ce3",
        "is_verified": false,
        "line_number": 103,
        "is_secret": false
      },
      {
        "type": "Hex High Entropy String",
        "filename": "results/ci-medomni-heldout-primekg-pinned-20260429-204029/MANIFEST.yaml",
        "hashed_secret": "5b7289be2b6a78d352afb44b5ed4f23ac35f1a19",
        "is_verified": false,
        "line_number": 104,
        "is_secret": false
      },
      {
        "type": "Hex High Entropy String",
        "filename": "results/ci-medomni-heldout-primekg-pinned-20260429-204029/MANIFEST.yaml",
        "hashed_secret": "13aaa9ea28e8e82ff6cd0fb9075f49b9a789d02d",
        "is_verified": false,
        "line_number": 105,
        "is_secret": false
      },
      {
        "type": "Hex High Entropy String",
        "filename": "results/ci-medomni-heldout-primekg-pinned-20260429-204029/MANIFEST.yaml",
        "hashed_secret": "5b28fa9475d9ac84f56ca35f4d5821cb137e895e",
        "is_verified": false,
        "line_number": 106,
        "is_secret": false
      },
      {
        "type": "Hex High Entropy String",
        "filename": "results/ci-medomni-heldout-primekg-pinned-20260429-204029/MANIFEST.yaml",
        "hashed_secret": "dca48143af52c2bf4b1d60de81a152e0c0bf209d",
        "is_verified": false,
        "line_number": 107,
        "is_secret": false
      },
      {
        "type": "Hex High Entropy String",
        "filename": "results/ci-medomni-heldout-primekg-pinned-20260429-204029/MANIFEST.yaml",
        "hashed_secret": "3b775fd2cf5def51d35e75ab1ccd38610bca18ad",
        "is_verified": false,
        "line_number": 108,
        "is_secret": false
      },
      {
        "type": "Hex High Entropy String",
        "filename": "results/ci-medomni-heldout-primekg-pinned-20260429-204029/MANIFEST.yaml",
        "hashed_secret": "1252aaad6b82a9cf7f0e3e08d043d9086c951d8d",
        "is_verified": false,
        "line_number": 109,
        "is_secret": false
      },
      {
        "type": "Hex High Entropy String",
        "filename": "results/ci-medomni-heldout-primekg-pinned-20260429-204029/MANIFEST.yaml",
        "hashed_secret": "1e3edde121c3d0485a05d94462c5f05501f9b452",
        "is_verified": false,
        "line_number": 174,
        "is_secret": false
      },
      {
        "type": "Hex High Entropy String",
        "filename": "results/ci-medomni-heldout-primekg-pinned-20260429-204029/MANIFEST.yaml",
        "hashed_secret": "9090d7d2f69ee466e977bf3cd8b5197d9eccb5b0",
        "is_verified": false,
        "line_number": 187,
        "is_secret": false
      }
    ],
    "scripts/_healthbench_grader_bridge.py": [
      {
        "type": "Hex High Entropy String",
        "filename": "scripts/_healthbench_grader_bridge.py",
        "hashed_secret": "4f8e42102923aeee68ad943ec1bc2adf781e8df0",
        "is_verified": false,
        "line_number": 39,
        "is_secret": false
      }
    ],
    "scripts/_runpod_ssh.sh": [
      {
        "type": "Secret Keyword",
        "filename": "scripts/_runpod_ssh.sh",
        "hashed_secret": "5390f9e8bf4f7248dece8c115705684b748c1870",
        "is_verified": false,
        "line_number": 49,
        "is_secret": false
      }
    ],
    "scripts/emit_manifest.py": [
      {
        "type": "Base64 High Entropy String",
        "filename": "scripts/emit_manifest.py",
        "hashed_secret": "8ac708e83d245cfe6352043e4a098bfb388b67a1",
        "is_verified": false,
        "line_number": 111,
        "is_secret": false
      },
      {
        "type": "Base64 High Entropy String",
        "filename": "scripts/emit_manifest.py",
        "hashed_secret": "88631b0f2529aca23d8d07760868c64d1b4ecfb2",
        "is_verified": false,
        "line_number": 112,
        "is_secret": false
      },
      {
        "type": "Base64 High Entropy String",
        "filename": "scripts/emit_manifest.py",
        "hashed_secret": "d261674bc584563fba601f92695c0738de97cbca",
        "is_verified": false,
        "line_number": 113,
        "is_secret": false
      },
      {
        "type": "Base64 High Entropy String",
        "filename": "scripts/emit_manifest.py",
        "hashed_secret": "7ec7d99b7cf6f9924b1a2beec69172d62689ae2b",
        "is_verified": false,
        "line_number": 114,
        "is_secret": false
      },
      {
        "type": "Base64 High Entropy String",
        "filename": "scripts/emit_manifest.py",
        "hashed_secret": "9508e083d210926e0e5feee430c620f76e6ef79e",
        "is_verified": false,
        "line_number": 115,
        "is_secret": false
      },
      {
        "type": "Base64 High Entropy String",
        "filename": "scripts/emit_manifest.py",
        "hashed_secret": "cd54b50f1acb46d7d58c6c6fa2373bd030754411",
        "is_verified": false,
        "line_number": 116,
        "is_secret": false
      },
      {
        "type": "Base64 High Entropy String",
        "filename": "scripts/emit_manifest.py",
        "hashed_secret": "da2dcd81e7f5c5554bdf44af3bed0d2162ca06f0",
        "is_verified": false,
        "line_number": 118,
        "is_secret": false
      }
    ],
    "scripts/freeze_snapshot.py": [
      {
        "type": "Base64 High Entropy String",
        "filename": "scripts/freeze_snapshot.py",
        "hashed_secret": "da2dcd81e7f5c5554bdf44af3bed0d2162ca06f0",
        "is_verified": false,
        "line_number": 119,
        "is_secret": false
      }
    ],
    "scripts/ship_rule_eval.py": [
      {
        "type": "Hex High Entropy String",
        "filename": "scripts/ship_rule_eval.py",
        "hashed_secret": "ee662f2bc691daa48d074542722d8e1b0587673c",
        "is_verified": false,
        "line_number": 147,
        "is_secret": false
      }
    ],
    "scripts/spike/docker-compose.yml": [
      {
        "type": "Secret Keyword",
        "filename": "scripts/spike/docker-compose.yml",
        "hashed_secret": "ee89bf03b579f8abc3175c4407f63f59351919ec",
        "is_verified": false,
        "line_number": 13,
        "is_secret": false
      },
      {
        "type": "Secret Keyword",
        "filename": "scripts/spike/docker-compose.yml",
        "hashed_secret": "e8390f2a6295a25e39ab2dd7f751f514de402503",
        "is_verified": false,
        "line_number": 86,
        "is_secret": false
      },
      {
        "type": "Secret Keyword",
        "filename": "scripts/spike/docker-compose.yml",
        "hashed_secret": "30ccc8bf61b39ee8933987df393805f92ff894fd",
        "is_verified": false,
        "line_number": 88,
        "is_secret": false
      }
    ],
    "scripts/spike/setup_synthea_medplum.sh": [
      {
        "type": "Secret Keyword",
        "filename": "scripts/spike/setup_synthea_medplum.sh",
        "hashed_secret": "30ccc8bf61b39ee8933987df393805f92ff894fd",
        "is_verified": false,
        "line_number": 21,
        "is_secret": false
      }
    ],
    "tests/test_ship_rule_eval.py": [
      {
        "type": "Hex High Entropy String",
        "filename": "tests/test_ship_rule_eval.py",
        "hashed_secret": "ee662f2bc691daa48d074542722d8e1b0587673c",
        "is_verified": false,
        "line_number": 58,
        "is_secret": false
      }
    ]
  },
  "generated_at": "2026-08-31T19:03:53Z"
}
